2026-04-19 14:32:12,407 [INFO] httpx: HTTP Request: GET http://testserver/api/auth/me "HTTP/1.1 401 Unauthorized"
2026-04-19 14:32:12,609 [INFO] httpx: HTTP Request: POST http://testserver/api/upload "HTTP/1.1 500 Internal Server Error"
2026-04-19 14:32:12,617 [INFO] httpx: HTTP Request: GET http://testserver/api/admin/materials "HTTP/1.1 401 Unauthorized"
2026-04-19 14:32:12,792 [INFO] httpx: HTTP Request: GET http://testserver/api/admin/materials "HTTP/1.1 403 Forbidden"
2026-04-19 14:32:12,968 [INFO] httpx: HTTP Request: GET http://testserver/api/admin/materials "HTTP/1.1 200 OK"
2026-04-19 14:32:13,144 [INFO] httpx: HTTP Request: POST http://testserver/api/admin/materials "HTTP/1.1 201 Created"
2026-04-19 14:32:13,318 [INFO] httpx: HTTP Request: POST http://testserver/api/admin/materials "HTTP/1.1 400 Bad Request"
2026-04-19 14:32:13,496 [INFO] httpx: HTTP Request: PUT http://testserver/api/admin/materials/1 "HTTP/1.1 200 OK"
2026-04-19 14:32:13,670 [INFO] httpx: HTTP Request: PUT http://testserver/api/admin/materials/99999 "HTTP/1.1 404 Not Found"
2026-04-19 14:32:13,845 [INFO] httpx: HTTP Request: DELETE http://testserver/api/admin/materials/1 "HTTP/1.1 204 No Content"
2026-04-19 14:32:14,019 [INFO] httpx: HTTP Request: DELETE http://testserver/api/admin/materials/99999 "HTTP/1.1 404 Not Found"
2026-04-19 14:32:14,195 [INFO] httpx: HTTP Request: POST http://testserver/api/admin/materials "HTTP/1.1 201 Created"
2026-04-19 14:32:14,197 [INFO] httpx: HTTP Request: GET http://testserver/api/admin/materials "HTTP/1.1 200 OK"
2026-04-19 14:32:14,372 [INFO] httpx: HTTP Request: DELETE http://testserver/api/admin/materials/1 "HTTP/1.1 204 No Content"
2026-04-19 14:32:14,375 [INFO] httpx: HTTP Request: GET http://testserver/api/admin/materials "HTTP/1.1 200 OK"
2026-04-19 14:32:14,551 [INFO] httpx: HTTP Request: GET http://testserver/api/admin/config "HTTP/1.1 200 OK"
2026-04-19 14:32:14,728 [INFO] httpx: HTTP Request: PUT http://testserver/api/admin/config "HTTP/1.1 200 OK"
2026-04-19 14:32:14,906 [INFO] httpx: HTTP Request: PUT http://testserver/api/admin/config "HTTP/1.1 200 OK"
2026-04-19 14:32:15,081 [INFO] httpx: HTTP Request: GET http://testserver/api/admin/config "HTTP/1.1 403 Forbidden"
2026-04-19 14:32:15,257 [INFO] httpx: HTTP Request: GET http://testserver/api/admin/logs "HTTP/1.1 200 OK"
2026-04-19 14:32:15,432 [INFO] httpx: HTTP Request: GET http://testserver/api/admin/logs "HTTP/1.1 403 Forbidden"
2026-04-19 14:32:15,609 [INFO] httpx: HTTP Request: POST http://testserver/api/auth/register "HTTP/1.1 201 Created"
2026-04-19 14:32:15,786 [INFO] httpx: HTTP Request: POST http://testserver/api/auth/register "HTTP/1.1 201 Created"
2026-04-19 14:32:15,960 [INFO] httpx: HTTP Request: POST http://testserver/api/auth/register "HTTP/1.1 400 Bad Request"
2026-04-19 14:32:16,133 [INFO] httpx: HTTP Request: POST http://testserver/api/auth/register "HTTP/1.1 201 Created"
2026-04-19 14:32:16,307 [INFO] httpx: HTTP Request: POST http://testserver/api/auth/register "HTTP/1.1 201 Created"
2026-04-19 14:32:16,506 [INFO] httpx: HTTP Request: POST http://testserver/api/auth/verify-otp "HTTP/1.1 400 Bad Request"
2026-04-19 14:32:21,384 [INFO] httpx: HTTP Request: POST http://testserver/api/auth/login "HTTP/1.1 200 OK"
2026-04-19 14:32:21,729 [INFO] httpx: HTTP Request: POST http://testserver/api/auth/login "HTTP/1.1 401 Unauthorized"
2026-04-19 14:32:22,072 [INFO] httpx: HTTP Request: POST http://testserver/api/auth/login "HTTP/1.1 401 Unauthorized"
2026-04-19 14:32:22,250 [INFO] httpx: HTTP Request: POST http://testserver/api/auth/login "HTTP/1.1 401 Unauthorized"
2026-04-19 14:32:22,423 [INFO] httpx: HTTP Request: POST http://testserver/api/auth/login "HTTP/1.1 401 Unauthorized"
2026-04-19 14:32:22,600 [INFO] httpx: HTTP Request: POST http://testserver/api/auth/login "HTTP/1.1 401 Unauthorized"
2026-04-19 14:32:22,789 [INFO] httpx: HTTP Request: POST http://testserver/api/auth/login "HTTP/1.1 401 Unauthorized"
2026-04-19 14:32:22,960 [INFO] httpx: HTTP Request: POST http://testserver/api/auth/login "HTTP/1.1 200 OK"
2026-04-19 14:32:23,139 [INFO] httpx: HTTP Request: POST http://testserver/api/upload "HTTP/1.1 500 Internal Server Error"
2026-04-19 14:32:23,331 [INFO] httpx: HTTP Request: POST http://testserver/api/upload "HTTP/1.1 500 Internal Server Error"
2026-04-19 14:32:23,628 [INFO] httpx: HTTP Request: POST http://testserver/api/upload "HTTP/1.1 500 Internal Server Error"
2026-04-19 14:32:23,807 [INFO] httpx: HTTP Request: POST http://testserver/api/upload "HTTP/1.1 500 Internal Server Error"
2026-04-19 14:32:24,013 [INFO] httpx: HTTP Request: POST http://testserver/api/upload "HTTP/1.1 500 Internal Server Error"
2026-04-19 14:32:24,200 [INFO] httpx: HTTP Request: POST http://testserver/api/upload "HTTP/1.1 500 Internal Server Error"
2026-04-19 14:32:24,377 [INFO] httpx: HTTP Request: POST http://testserver/api/upload "HTTP/1.1 500 Internal Server Error"
2026-04-19 14:32:24,555 [INFO] httpx: HTTP Request: POST http://testserver/api/upload "HTTP/1.1 500 Internal Server Error"
2026-04-19 14:32:25,094 [INFO] httpx: HTTP Request: POST http://testserver/api/estimate/641b8cbf-1b48-4e01-a16b-1597215dbbe3 "HTTP/1.1 200 OK"
2026-04-19 14:32:25,274 [INFO] httpx: HTTP Request: GET http://testserver/api/admin/logs "HTTP/1.1 200 OK"
2026-04-19 14:32:25,451 [INFO] httpx: HTTP Request: GET http://testserver/api/admin/logs "HTTP/1.1 200 OK"
2026-04-19 14:32:25,626 [INFO] httpx: HTTP Request: GET http://testserver/api/admin/materials "HTTP/1.1 200 OK"
2026-04-19 14:32:25,631 [INFO] httpx: HTTP Request: PUT http://testserver/api/admin/materials/1 "HTTP/1.1 200 OK"
2026-04-19 14:32:25,810 [INFO] httpx: HTTP Request: POST http://testserver/api/admin/materials "HTTP/1.1 201 Created"
2026-04-19 14:32:25,988 [INFO] httpx: HTTP Request: POST http://testserver/api/admin/materials "HTTP/1.1 201 Created"
2026-04-19 14:32:26,167 [INFO] httpx: HTTP Request: GET http://testserver/api/admin/config "HTTP/1.1 200 OK"
2026-04-19 14:32:26,172 [INFO] httpx: HTTP Request: PUT http://testserver/api/admin/config "HTTP/1.1 200 OK"
2026-04-19 14:32:26,174 [INFO] httpx: HTTP Request: GET http://testserver/api/admin/config "HTTP/1.1 200 OK"
2026-04-19 14:32:26,367 [INFO] httpx: HTTP Request: PUT http://testserver/api/admin/config "HTTP/1.1 200 OK"
2026-04-19 14:32:26,371 [INFO] httpx: HTTP Request: PUT http://testserver/api/admin/config "HTTP/1.1 200 OK"
2026-04-19 14:32:26,373 [INFO] httpx: HTTP Request: GET http://testserver/api/admin/config "HTTP/1.1 200 OK"
2026-04-19 14:32:26,549 [INFO] httpx: HTTP Request: GET http://testserver/api/admin/config "HTTP/1.1 403 Forbidden"
2026-04-19 14:32:26,725 [INFO] httpx: HTTP Request: POST http://testserver/api/upload "HTTP/1.1 500 Internal Server Error"
2026-04-19 14:32:26,903 [INFO] httpx: HTTP Request: POST http://testserver/api/upload "HTTP/1.1 500 Internal Server Error"
2026-04-19 14:32:27,092 [INFO] httpx: HTTP Request: POST http://testserver/api/upload "HTTP/1.1 500 Internal Server Error"
2026-04-19 14:32:27,440 [INFO] httpx: HTTP Request: GET http://testserver/api/jobs "HTTP/1.1 200 OK"
2026-04-19 14:32:27,443 [INFO] httpx: HTTP Request: GET http://testserver/api/jobs "HTTP/1.1 200 OK"
2026-04-19 14:32:27,445 [INFO] httpx: HTTP Request: GET http://testserver/api/jobs "HTTP/1.1 200 OK"
2026-04-19 14:32:27,446 [INFO] httpx: HTTP Request: GET http://testserver/api/jobs "HTTP/1.1 200 OK"
2026-04-19 14:32:27,448 [INFO] httpx: HTTP Request: GET http://testserver/api/jobs "HTTP/1.1 200 OK"
2026-04-19 14:32:27,449 [INFO] httpx: HTTP Request: GET http://testserver/api/jobs "HTTP/1.1 200 OK"
2026-04-19 14:32:27,451 [INFO] httpx: HTTP Request: GET http://testserver/api/jobs "HTTP/1.1 200 OK"
2026-04-19 14:32:27,453 [INFO] httpx: HTTP Request: GET http://testserver/api/jobs "HTTP/1.1 200 OK"
2026-04-19 14:32:27,454 [INFO] httpx: HTTP Request: GET http://testserver/api/jobs "HTTP/1.1 200 OK"
2026-04-19 14:32:27,456 [INFO] httpx: HTTP Request: GET http://testserver/api/jobs "HTTP/1.1 200 OK"
2026-04-19 14:32:27,461 [INFO] httpx: HTTP Request: POST http://testserver/api/upload "HTTP/1.1 401 Unauthorized"
2026-04-19 14:32:27,461 [INFO] httpx: HTTP Request: GET http://testserver/api/jobs "HTTP/1.1 401 Unauthorized"
2026-04-19 14:32:27,462 [INFO] httpx: HTTP Request: GET http://testserver/api/auth/me "HTTP/1.1 401 Unauthorized"
2026-04-19 14:32:27,463 [INFO] httpx: HTTP Request: GET http://testserver/api/admin/materials "HTTP/1.1 401 Unauthorized"
2026-04-19 14:32:27,464 [INFO] httpx: HTTP Request: GET http://testserver/api/admin/logs "HTTP/1.1 401 Unauthorized"
2026-04-19 14:32:27,465 [INFO] httpx: HTTP Request: GET http://testserver/api/admin/config "HTTP/1.1 401 Unauthorized"
2026-04-19 14:33:00,159 [INFO] httpx: HTTP Request: GET http://testserver/api/auth/me "HTTP/1.1 401 Unauthorized"
2026-04-19 14:33:00,352 [INFO] httpx: HTTP Request: POST http://testserver/api/upload "HTTP/1.1 500 Internal Server Error"
2026-04-19 14:33:00,360 [INFO] httpx: HTTP Request: GET http://testserver/api/admin/materials "HTTP/1.1 401 Unauthorized"
2026-04-19 14:33:00,532 [INFO] httpx: HTTP Request: GET http://testserver/api/admin/materials "HTTP/1.1 403 Forbidden"
2026-04-19 14:33:00,703 [INFO] httpx: HTTP Request: GET http://testserver/api/admin/materials "HTTP/1.1 200 OK"
2026-04-19 14:33:00,876 [INFO] httpx: HTTP Request: POST http://testserver/api/admin/materials "HTTP/1.1 201 Created"
2026-04-19 14:33:01,049 [INFO] httpx: HTTP Request: POST http://testserver/api/admin/materials "HTTP/1.1 400 Bad Request"
2026-04-19 14:33:01,224 [INFO] httpx: HTTP Request: PUT http://testserver/api/admin/materials/1 "HTTP/1.1 200 OK"
2026-04-19 14:33:01,396 [INFO] httpx: HTTP Request: PUT http://testserver/api/admin/materials/99999 "HTTP/1.1 404 Not Found"
2026-04-19 14:33:01,569 [INFO] httpx: HTTP Request: DELETE http://testserver/api/admin/materials/1 "HTTP/1.1 204 No Content"
2026-04-19 14:33:01,741 [INFO] httpx: HTTP Request: DELETE http://testserver/api/admin/materials/99999 "HTTP/1.1 404 Not Found"
2026-04-19 14:33:01,913 [INFO] httpx: HTTP Request: POST http://testserver/api/admin/materials "HTTP/1.1 201 Created"
2026-04-19 14:33:01,915 [INFO] httpx: HTTP Request: GET http://testserver/api/admin/materials "HTTP/1.1 200 OK"
2026-04-19 14:33:02,088 [INFO] httpx: HTTP Request: DELETE http://testserver/api/admin/materials/1 "HTTP/1.1 204 No Content"
2026-04-19 14:33:02,091 [INFO] httpx: HTTP Request: GET http://testserver/api/admin/materials "HTTP/1.1 200 OK"
2026-04-19 14:33:02,264 [INFO] httpx: HTTP Request: GET http://testserver/api/admin/config "HTTP/1.1 200 OK"
2026-04-19 14:33:02,437 [INFO] httpx: HTTP Request: PUT http://testserver/api/admin/config "HTTP/1.1 200 OK"
2026-04-19 14:33:02,613 [INFO] httpx: HTTP Request: PUT http://testserver/api/admin/config "HTTP/1.1 200 OK"
2026-04-19 14:33:02,784 [INFO] httpx: HTTP Request: GET http://testserver/api/admin/config "HTTP/1.1 403 Forbidden"
2026-04-19 14:33:02,956 [INFO] httpx: HTTP Request: GET http://testserver/api/admin/logs "HTTP/1.1 200 OK"
2026-04-19 14:33:03,126 [INFO] httpx: HTTP Request: GET http://testserver/api/admin/logs "HTTP/1.1 403 Forbidden"
2026-04-19 14:33:03,300 [INFO] httpx: HTTP Request: POST http://testserver/api/auth/register "HTTP/1.1 201 Created"
2026-04-19 14:33:03,481 [INFO] httpx: HTTP Request: POST http://testserver/api/auth/register "HTTP/1.1 201 Created"
2026-04-19 14:33:03,660 [INFO] httpx: HTTP Request: POST http://testserver/api/auth/register "HTTP/1.1 400 Bad Request"
2026-04-19 14:33:03,830 [INFO] httpx: HTTP Request: POST http://testserver/api/auth/register "HTTP/1.1 201 Created"
2026-04-19 14:33:04,007 [INFO] httpx: HTTP Request: POST http://testserver/api/auth/register "HTTP/1.1 201 Created"
2026-04-19 14:33:04,208 [INFO] httpx: HTTP Request: POST http://testserver/api/auth/verify-otp "HTTP/1.1 400 Bad Request"
2026-04-19 14:35:03,375 [INFO] httpx: HTTP Request: GET http://testserver/api/auth/me "HTTP/1.1 401 Unauthorized"
2026-04-19 14:35:03,569 [INFO] httpx: HTTP Request: POST http://testserver/api/upload "HTTP/1.1 500 Internal Server Error"
2026-04-19 14:35:03,577 [INFO] httpx: HTTP Request: GET http://testserver/api/admin/materials "HTTP/1.1 401 Unauthorized"
2026-04-19 14:35:03,750 [INFO] httpx: HTTP Request: GET http://testserver/api/admin/materials "HTTP/1.1 403 Forbidden"
2026-04-19 14:35:03,933 [INFO] httpx: HTTP Request: GET http://testserver/api/admin/materials "HTTP/1.1 200 OK"
2026-04-19 14:35:04,111 [INFO] httpx: HTTP Request: POST http://testserver/api/admin/materials "HTTP/1.1 201 Created"
2026-04-19 14:35:04,301 [INFO] httpx: HTTP Request: POST http://testserver/api/admin/materials "HTTP/1.1 400 Bad Request"
2026-04-19 14:35:04,475 [INFO] httpx: HTTP Request: PUT http://testserver/api/admin/materials/1 "HTTP/1.1 200 OK"
2026-04-19 14:35:04,686 [INFO] httpx: HTTP Request: PUT http://testserver/api/admin/materials/99999 "HTTP/1.1 404 Not Found"
2026-04-19 14:35:04,861 [INFO] httpx: HTTP Request: DELETE http://testserver/api/admin/materials/1 "HTTP/1.1 204 No Content"
2026-04-19 14:35:05,031 [INFO] httpx: HTTP Request: DELETE http://testserver/api/admin/materials/99999 "HTTP/1.1 404 Not Found"
2026-04-19 14:35:05,204 [INFO] httpx: HTTP Request: POST http://testserver/api/admin/materials "HTTP/1.1 201 Created"
2026-04-19 14:35:05,207 [INFO] httpx: HTTP Request: GET http://testserver/api/admin/materials "HTTP/1.1 200 OK"
2026-04-19 14:35:05,381 [INFO] httpx: HTTP Request: DELETE http://testserver/api/admin/materials/1 "HTTP/1.1 204 No Content"
2026-04-19 14:35:05,384 [INFO] httpx: HTTP Request: GET http://testserver/api/admin/materials "HTTP/1.1 200 OK"
2026-04-19 14:35:05,558 [INFO] httpx: HTTP Request: GET http://testserver/api/admin/config "HTTP/1.1 200 OK"
2026-04-19 14:35:05,732 [INFO] httpx: HTTP Request: PUT http://testserver/api/admin/config "HTTP/1.1 200 OK"
2026-04-19 14:35:05,905 [INFO] httpx: HTTP Request: PUT http://testserver/api/admin/config "HTTP/1.1 200 OK"
2026-04-19 14:35:06,075 [INFO] httpx: HTTP Request: GET http://testserver/api/admin/config "HTTP/1.1 403 Forbidden"
2026-04-19 14:35:06,250 [INFO] httpx: HTTP Request: GET http://testserver/api/admin/logs "HTTP/1.1 200 OK"
2026-04-19 14:35:06,426 [INFO] httpx: HTTP Request: GET http://testserver/api/admin/logs "HTTP/1.1 403 Forbidden"
2026-04-19 14:35:06,608 [INFO] httpx: HTTP Request: POST http://testserver/api/auth/register "HTTP/1.1 201 Created"
2026-04-19 14:35:06,792 [INFO] httpx: HTTP Request: POST http://testserver/api/auth/register "HTTP/1.1 201 Created"
2026-04-19 14:35:06,963 [INFO] httpx: HTTP Request: POST http://testserver/api/auth/register "HTTP/1.1 400 Bad Request"
2026-04-19 14:35:07,142 [INFO] httpx: HTTP Request: POST http://testserver/api/auth/register "HTTP/1.1 201 Created"
2026-04-19 14:35:07,317 [INFO] httpx: HTTP Request: POST http://testserver/api/auth/register "HTTP/1.1 201 Created"
2026-04-19 14:35:07,509 [INFO] httpx: HTTP Request: POST http://testserver/api/auth/verify-otp "HTTP/1.1 400 Bad Request"
2026-04-19 14:50:35,460 [INFO] httpx: HTTP Request: POST http://testserver/api/auth/login "HTTP/1.1 200 OK"
2026-04-19 14:50:35,465 [INFO] httpx: HTTP Request: GET http://testserver/api/auth/me "HTTP/1.1 401 Unauthorized"
2026-04-19 14:50:35,822 [INFO] httpx: HTTP Request: POST http://testserver/api/auth/login "HTTP/1.1 401 Unauthorized"
2026-04-19 14:50:35,991 [INFO] httpx: HTTP Request: POST http://testserver/api/auth/login "HTTP/1.1 401 Unauthorized"
2026-04-19 14:50:36,184 [INFO] httpx: HTTP Request: POST http://testserver/api/auth/login "HTTP/1.1 401 Unauthorized"
2026-04-19 14:50:36,365 [INFO] httpx: HTTP Request: POST http://testserver/api/auth/login "HTTP/1.1 401 Unauthorized"
2026-04-19 14:50:36,542 [INFO] httpx: HTTP Request: POST http://testserver/api/auth/login "HTTP/1.1 401 Unauthorized"
2026-04-19 14:50:36,731 [INFO] httpx: HTTP Request: POST http://testserver/api/auth/login "HTTP/1.1 200 OK"
2026-04-19 14:50:36,908 [INFO] httpx: HTTP Request: POST http://testserver/api/upload "HTTP/1.1 500 Internal Server Error"
2026-04-19 14:50:37,100 [INFO] httpx: HTTP Request: POST http://testserver/api/upload "HTTP/1.1 500 Internal Server Error"
2026-04-19 14:50:37,384 [INFO] httpx: HTTP Request: POST http://testserver/api/upload "HTTP/1.1 500 Internal Server Error"
2026-04-19 14:50:37,563 [INFO] httpx: HTTP Request: GET http://testserver/api/admin/materials "HTTP/1.1 200 OK"
2026-04-19 14:50:37,568 [INFO] httpx: HTTP Request: PUT http://testserver/api/admin/materials/1 "HTTP/1.1 200 OK"
2026-04-19 14:50:37,767 [INFO] httpx: HTTP Request: POST http://testserver/api/admin/materials "HTTP/1.1 201 Created"
2026-04-19 14:50:37,946 [INFO] httpx: HTTP Request: POST http://testserver/api/admin/materials "HTTP/1.1 201 Created"
2026-04-19 14:50:38,134 [INFO] httpx: HTTP Request: GET http://testserver/api/admin/config "HTTP/1.1 200 OK"
2026-04-19 14:50:38,145 [INFO] httpx: HTTP Request: PUT http://testserver/api/admin/config "HTTP/1.1 200 OK"
2026-04-19 14:50:38,148 [INFO] httpx: HTTP Request: GET http://testserver/api/admin/config "HTTP/1.1 200 OK"
2026-04-19 14:50:38,327 [INFO] httpx: HTTP Request: PUT http://testserver/api/admin/config "HTTP/1.1 200 OK"
2026-04-19 14:50:38,331 [INFO] httpx: HTTP Request: PUT http://testserver/api/admin/config "HTTP/1.1 200 OK"
2026-04-19 14:50:38,333 [INFO] httpx: HTTP Request: GET http://testserver/api/admin/config "HTTP/1.1 200 OK"
2026-04-19 14:50:38,520 [INFO] httpx: HTTP Request: POST http://testserver/api/auth/register "HTTP/1.1 201 Created"
2026-04-19 14:50:38,527 [INFO] httpx: HTTP Request: POST http://testserver/api/upload "HTTP/1.1 401 Unauthorized"
2026-04-19 14:50:48,228 [INFO] httpx: HTTP Request: GET http://testserver/api/auth/me "HTTP/1.1 401 Unauthorized"
2026-04-19 14:50:48,421 [INFO] httpx: HTTP Request: POST http://testserver/api/auth/register "HTTP/1.1 201 Created"
2026-04-19 14:50:48,432 [INFO] httpx: HTTP Request: GET http://testserver/api/admin/materials "HTTP/1.1 401 Unauthorized"
2026-04-19 14:50:48,628 [INFO] httpx: HTTP Request: GET http://testserver/api/admin/materials "HTTP/1.1 403 Forbidden"
2026-04-19 14:50:48,801 [INFO] httpx: HTTP Request: GET http://testserver/api/admin/materials "HTTP/1.1 200 OK"
2026-04-19 14:50:48,975 [INFO] httpx: HTTP Request: POST http://testserver/api/admin/materials "HTTP/1.1 201 Created"
2026-04-19 14:50:49,218 [INFO] httpx: HTTP Request: POST http://testserver/api/admin/materials "HTTP/1.1 400 Bad Request"
2026-04-19 14:50:49,394 [INFO] httpx: HTTP Request: PUT http://testserver/api/admin/materials/1 "HTTP/1.1 200 OK"
2026-04-19 14:50:49,568 [INFO] httpx: HTTP Request: PUT http://testserver/api/admin/materials/99999 "HTTP/1.1 404 Not Found"
2026-04-19 14:50:49,762 [INFO] httpx: HTTP Request: DELETE http://testserver/api/admin/materials/1 "HTTP/1.1 204 No Content"
2026-04-19 14:50:49,935 [INFO] httpx: HTTP Request: DELETE http://testserver/api/admin/materials/99999 "HTTP/1.1 404 Not Found"
2026-04-19 14:50:50,109 [INFO] httpx: HTTP Request: POST http://testserver/api/admin/materials "HTTP/1.1 201 Created"
2026-04-19 14:50:50,113 [INFO] httpx: HTTP Request: GET http://testserver/api/admin/materials "HTTP/1.1 200 OK"
2026-04-19 14:50:50,285 [INFO] httpx: HTTP Request: DELETE http://testserver/api/admin/materials/1 "HTTP/1.1 204 No Content"
2026-04-19 14:50:50,287 [INFO] httpx: HTTP Request: GET http://testserver/api/admin/materials "HTTP/1.1 200 OK"
2026-04-19 14:50:50,461 [INFO] httpx: HTTP Request: GET http://testserver/api/admin/config "HTTP/1.1 200 OK"
2026-04-19 14:50:50,635 [INFO] httpx: HTTP Request: PUT http://testserver/api/admin/config "HTTP/1.1 200 OK"
2026-04-19 14:50:50,811 [INFO] httpx: HTTP Request: PUT http://testserver/api/admin/config "HTTP/1.1 200 OK"
2026-04-19 14:50:50,983 [INFO] httpx: HTTP Request: GET http://testserver/api/admin/config "HTTP/1.1 403 Forbidden"
2026-04-19 14:50:51,157 [INFO] httpx: HTTP Request: GET http://testserver/api/admin/logs "HTTP/1.1 200 OK"
2026-04-19 14:50:51,328 [INFO] httpx: HTTP Request: GET http://testserver/api/admin/logs "HTTP/1.1 403 Forbidden"
2026-04-19 14:50:51,511 [INFO] httpx: HTTP Request: POST http://testserver/api/auth/register "HTTP/1.1 201 Created"
2026-04-19 14:50:51,688 [INFO] httpx: HTTP Request: POST http://testserver/api/auth/register "HTTP/1.1 201 Created"
2026-04-19 14:50:51,859 [INFO] httpx: HTTP Request: POST http://testserver/api/auth/register "HTTP/1.1 400 Bad Request"
2026-04-19 14:50:52,030 [INFO] httpx: HTTP Request: POST http://testserver/api/auth/register "HTTP/1.1 201 Created"
2026-04-19 14:50:52,241 [INFO] httpx: HTTP Request: POST http://testserver/api/auth/register "HTTP/1.1 201 Created"
2026-04-19 14:50:52,434 [INFO] httpx: HTTP Request: POST http://testserver/api/auth/verify-otp "HTTP/1.1 400 Bad Request"
2026-04-19 14:58:04,410 [INFO] httpx: HTTP Request: POST http://testserver/api/auth/register "HTTP/1.1 201 Created"
2026-04-19 14:58:04,588 [INFO] httpx: HTTP Request: POST http://testserver/api/auth/login "HTTP/1.1 403 Forbidden"
2026-04-19 14:58:04,797 [INFO] httpx: HTTP Request: POST http://testserver/api/upload "HTTP/1.1 500 Internal Server Error"
2026-04-19 14:58:05,149 [INFO] httpx: HTTP Request: GET http://testserver/api/jobs "HTTP/1.1 200 OK"
2026-04-19 14:58:05,155 [INFO] httpx: HTTP Request: GET http://testserver/api/jobs "HTTP/1.1 200 OK"
2026-04-19 14:58:05,158 [INFO] httpx: HTTP Request: GET http://testserver/api/jobs "HTTP/1.1 200 OK"
2026-04-19 14:58:05,160 [INFO] httpx: HTTP Request: GET http://testserver/api/jobs "HTTP/1.1 200 OK"
2026-04-19 14:58:05,161 [INFO] httpx: HTTP Request: GET http://testserver/api/jobs "HTTP/1.1 200 OK"
2026-04-19 14:58:05,163 [INFO] httpx: HTTP Request: GET http://testserver/api/jobs "HTTP/1.1 200 OK"
2026-04-19 14:58:05,165 [INFO] httpx: HTTP Request: GET http://testserver/api/jobs "HTTP/1.1 200 OK"
2026-04-19 14:58:05,166 [INFO] httpx: HTTP Request: GET http://testserver/api/jobs "HTTP/1.1 200 OK"
2026-04-19 14:58:05,168 [INFO] httpx: HTTP Request: GET http://testserver/api/jobs "HTTP/1.1 200 OK"
2026-04-19 14:58:05,170 [INFO] httpx: HTTP Request: GET http://testserver/api/jobs "HTTP/1.1 200 OK"
2026-04-19 14:58:05,175 [INFO] httpx: HTTP Request: POST http://testserver/api/upload "HTTP/1.1 401 Unauthorized"
2026-04-19 14:58:05,527 [INFO] httpx: HTTP Request: POST http://testserver/api/auth/login "HTTP/1.1 200 OK"
2026-04-19 14:58:05,533 [INFO] httpx: HTTP Request: GET http://testserver/api/auth/me "HTTP/1.1 401 Unauthorized"
2026-04-19 14:58:05,905 [INFO] httpx: HTTP Request: POST http://testserver/api/auth/login "HTTP/1.1 401 Unauthorized"
2026-04-19 14:58:06,082 [INFO] httpx: HTTP Request: POST http://testserver/api/auth/login "HTTP/1.1 401 Unauthorized"
2026-04-19 14:58:06,252 [INFO] httpx: HTTP Request: POST http://testserver/api/auth/login "HTTP/1.1 401 Unauthorized"
2026-04-19 14:58:06,426 [INFO] httpx: HTTP Request: POST http://testserver/api/auth/login "HTTP/1.1 401 Unauthorized"
2026-04-19 14:58:06,625 [INFO] httpx: HTTP Request: POST http://testserver/api/auth/login "HTTP/1.1 401 Unauthorized"
2026-04-19 14:58:06,827 [INFO] httpx: HTTP Request: POST http://testserver/api/auth/login "HTTP/1.1 200 OK"
2026-04-19 14:58:08,983 [INFO] httpx: HTTP Request: GET http://testserver/api/admin/logs "HTTP/1.1 200 OK"
2026-04-19 14:58:09,165 [INFO] httpx: HTTP Request: GET http://testserver/api/admin/logs "HTTP/1.1 200 OK"
2026-04-19 14:58:10,199 [INFO] httpx: HTTP Request: GET http://testserver/api/admin/config "HTTP/1.1 403 Forbidden"
2026-04-19 14:59:29,568 [INFO] httpx: HTTP Request: POST http://testserver/api/auth/register "HTTP/1.1 201 Created"
2026-04-19 14:59:29,757 [INFO] httpx: HTTP Request: POST http://testserver/api/auth/login "HTTP/1.1 403 Forbidden"
2026-04-19 14:59:45,843 [INFO] httpx: HTTP Request: GET http://testserver/api/jobs "HTTP/1.1 200 OK"
2026-04-19 14:59:45,847 [INFO] httpx: HTTP Request: GET http://testserver/api/jobs "HTTP/1.1 200 OK"
2026-04-19 14:59:45,849 [INFO] httpx: HTTP Request: GET http://testserver/api/jobs "HTTP/1.1 200 OK"
2026-04-19 14:59:45,850 [INFO] httpx: HTTP Request: GET http://testserver/api/jobs "HTTP/1.1 200 OK"
2026-04-19 14:59:45,852 [INFO] httpx: HTTP Request: GET http://testserver/api/jobs "HTTP/1.1 200 OK"
2026-04-19 14:59:45,854 [INFO] httpx: HTTP Request: GET http://testserver/api/jobs "HTTP/1.1 200 OK"
2026-04-19 14:59:45,856 [INFO] httpx: HTTP Request: GET http://testserver/api/jobs "HTTP/1.1 200 OK"
2026-04-19 14:59:45,857 [INFO] httpx: HTTP Request: GET http://testserver/api/jobs "HTTP/1.1 200 OK"
2026-04-19 14:59:45,859 [INFO] httpx: HTTP Request: GET http://testserver/api/jobs "HTTP/1.1 200 OK"
2026-04-19 14:59:45,861 [INFO] httpx: HTTP Request: GET http://testserver/api/jobs "HTTP/1.1 200 OK"
2026-04-19 14:59:45,867 [INFO] httpx: HTTP Request: POST http://testserver/api/upload "HTTP/1.1 401 Unauthorized"
2026-04-19 14:59:46,225 [INFO] httpx: HTTP Request: POST http://testserver/api/auth/login "HTTP/1.1 200 OK"
2026-04-19 14:59:46,230 [INFO] httpx: HTTP Request: GET http://testserver/api/auth/me "HTTP/1.1 401 Unauthorized"
2026-04-19 14:59:46,571 [INFO] httpx: HTTP Request: POST http://testserver/api/auth/login "HTTP/1.1 401 Unauthorized"
2026-04-19 14:59:46,752 [INFO] httpx: HTTP Request: POST http://testserver/api/auth/login "HTTP/1.1 401 Unauthorized"
2026-04-19 14:59:46,928 [INFO] httpx: HTTP Request: POST http://testserver/api/auth/login "HTTP/1.1 401 Unauthorized"
2026-04-19 14:59:47,159 [INFO] httpx: HTTP Request: POST http://testserver/api/auth/login "HTTP/1.1 401 Unauthorized"
2026-04-19 14:59:47,342 [INFO] httpx: HTTP Request: POST http://testserver/api/auth/login "HTTP/1.1 401 Unauthorized"
2026-04-19 14:59:47,533 [INFO] httpx: HTTP Request: POST http://testserver/api/auth/login "HTTP/1.1 200 OK"
2026-04-19 14:59:49,610 [INFO] httpx: HTTP Request: GET http://testserver/api/admin/logs "HTTP/1.1 200 OK"
2026-04-19 14:59:49,792 [INFO] httpx: HTTP Request: GET http://testserver/api/admin/logs "HTTP/1.1 200 OK"
2026-04-19 14:59:50,859 [INFO] httpx: HTTP Request: GET http://testserver/api/admin/config "HTTP/1.1 403 Forbidden"
2026-04-19 14:59:51,038 [INFO] httpx: HTTP Request: POST http://testserver/api/upload "HTTP/1.1 401 Unauthorized"
2026-04-19 14:59:51,141 [INFO] httpx: HTTP Request: POST http://testserver/api/upload "HTTP/1.1 401 Unauthorized"
2026-04-19 14:59:51,150 [INFO] httpx: HTTP Request: GET http://testserver/api/job/00000000-0000-0000-0000-000000000000 "HTTP/1.1 401 Unauthorized"
2026-04-19 15:00:06,618 [INFO] httpx: HTTP Request: GET http://testserver/api/jobs "HTTP/1.1 200 OK"
2026-04-19 15:00:06,622 [INFO] httpx: HTTP Request: GET http://testserver/api/jobs "HTTP/1.1 200 OK"
2026-04-19 15:00:06,624 [INFO] httpx: HTTP Request: GET http://testserver/api/jobs "HTTP/1.1 200 OK"
2026-04-19 15:00:06,626 [INFO] httpx: HTTP Request: GET http://testserver/api/jobs "HTTP/1.1 200 OK"
2026-04-19 15:00:06,628 [INFO] httpx: HTTP Request: GET http://testserver/api/jobs "HTTP/1.1 200 OK"
2026-04-19 15:00:06,630 [INFO] httpx: HTTP Request: GET http://testserver/api/jobs "HTTP/1.1 200 OK"
2026-04-19 15:00:06,632 [INFO] httpx: HTTP Request: GET http://testserver/api/jobs "HTTP/1.1 200 OK"
2026-04-19 15:00:06,634 [INFO] httpx: HTTP Request: GET http://testserver/api/jobs "HTTP/1.1 200 OK"
2026-04-19 15:00:06,636 [INFO] httpx: HTTP Request: GET http://testserver/api/jobs "HTTP/1.1 200 OK"
2026-04-19 15:00:06,638 [INFO] httpx: HTTP Request: GET http://testserver/api/jobs "HTTP/1.1 200 OK"
2026-04-19 15:00:06,644 [INFO] httpx: HTTP Request: POST http://testserver/api/upload "HTTP/1.1 401 Unauthorized"
2026-04-19 15:00:07,030 [INFO] httpx: HTTP Request: POST http://testserver/api/auth/login "HTTP/1.1 200 OK"
2026-04-19 15:00:07,036 [INFO] httpx: HTTP Request: GET http://testserver/api/auth/me "HTTP/1.1 401 Unauthorized"
2026-04-19 15:00:07,377 [INFO] httpx: HTTP Request: POST http://testserver/api/auth/login "HTTP/1.1 401 Unauthorized"
2026-04-19 15:00:07,546 [INFO] httpx: HTTP Request: POST http://testserver/api/auth/login "HTTP/1.1 401 Unauthorized"
2026-04-19 15:00:07,736 [INFO] httpx: HTTP Request: POST http://testserver/api/auth/login "HTTP/1.1 401 Unauthorized"
2026-04-19 15:00:07,908 [INFO] httpx: HTTP Request: POST http://testserver/api/auth/login "HTTP/1.1 401 Unauthorized"
2026-04-19 15:00:08,092 [INFO] httpx: HTTP Request: POST http://testserver/api/auth/login "HTTP/1.1 401 Unauthorized"
2026-04-19 15:00:08,265 [INFO] httpx: HTTP Request: POST http://testserver/api/auth/login "HTTP/1.1 200 OK"
2026-04-19 15:00:10,319 [INFO] httpx: HTTP Request: GET http://testserver/api/admin/logs "HTTP/1.1 200 OK"
2026-04-19 15:00:10,497 [INFO] httpx: HTTP Request: GET http://testserver/api/admin/logs "HTTP/1.1 200 OK"
2026-04-19 15:00:11,522 [INFO] httpx: HTTP Request: GET http://testserver/api/admin/config "HTTP/1.1 403 Forbidden"
2026-04-19 15:00:11,697 [INFO] httpx: HTTP Request: POST http://testserver/api/upload "HTTP/1.1 401 Unauthorized"
2026-04-19 15:00:11,801 [INFO] httpx: HTTP Request: POST http://testserver/api/upload "HTTP/1.1 401 Unauthorized"
2026-04-19 15:00:11,810 [INFO] httpx: HTTP Request: GET http://testserver/api/job/00000000-0000-0000-0000-000000000000 "HTTP/1.1 401 Unauthorized"
2026-04-19 15:02:49,901 [INFO] httpx: HTTP Request: GET http://testserver/api/auth/me "HTTP/1.1 200 OK"
2026-04-19 15:02:50,423 [INFO] httpx: HTTP Request: GET http://testserver/api/jobs "HTTP/1.1 200 OK"
2026-04-19 15:02:50,429 [INFO] httpx: HTTP Request: POST http://testserver/api/upload "HTTP/1.1 401 Unauthorized"
2026-04-19 15:02:50,773 [INFO] httpx: HTTP Request: POST http://testserver/api/auth/login "HTTP/1.1 200 OK"
2026-04-19 15:02:50,778 [INFO] httpx: HTTP Request: GET http://testserver/api/auth/me "HTTP/1.1 401 Unauthorized"
2026-04-19 15:02:51,131 [INFO] httpx: HTTP Request: POST http://testserver/api/auth/login "HTTP/1.1 401 Unauthorized"
2026-04-19 15:02:51,308 [INFO] httpx: HTTP Request: POST http://testserver/api/auth/login "HTTP/1.1 401 Unauthorized"
2026-04-19 15:02:51,482 [INFO] httpx: HTTP Request: POST http://testserver/api/auth/login "HTTP/1.1 401 Unauthorized"
2026-04-19 15:02:51,654 [INFO] httpx: HTTP Request: POST http://testserver/api/auth/login "HTTP/1.1 401 Unauthorized"
2026-04-19 15:02:51,854 [INFO] httpx: HTTP Request: POST http://testserver/api/auth/login "HTTP/1.1 401 Unauthorized"
2026-04-19 15:02:52,038 [INFO] httpx: HTTP Request: POST http://testserver/api/auth/login "HTTP/1.1 200 OK"
2026-04-19 15:02:52,216 [INFO] httpx: HTTP Request: POST http://testserver/api/upload "HTTP/1.1 201 Created"
2026-04-19 15:02:52,393 [INFO] httpx: HTTP Request: POST http://testserver/api/upload "HTTP/1.1 500 Internal Server Error"
2026-04-19 15:02:52,585 [INFO] httpx: HTTP Request: POST http://testserver/api/upload "HTTP/1.1 201 Created"
2026-04-19 15:02:52,763 [INFO] httpx: HTTP Request: GET http://testserver/api/job/87f799f0-9af1-46d4-b586-262e671b7575 "HTTP/1.1 200 OK"
2026-04-19 15:02:52,940 [INFO] httpx: HTTP Request: GET http://testserver/api/job/52d73b86-1048-4c1e-872d-21f7d89b7cce "HTTP/1.1 200 OK"
2026-04-19 15:02:53,487 [INFO] httpx: HTTP Request: GET http://testserver/api/job/fb59337d-d19a-4c4e-ac41-a7d4184868dd "HTTP/1.1 200 OK"
2026-04-19 15:02:54,195 [INFO] httpx: HTTP Request: GET http://testserver/api/admin/logs "HTTP/1.1 200 OK"
2026-04-19 15:02:54,375 [INFO] httpx: HTTP Request: GET http://testserver/api/admin/logs "HTTP/1.1 200 OK"
2026-04-19 15:03:10,734 [INFO] httpx: HTTP Request: POST http://testserver/api/upload "HTTP/1.1 500 Internal Server Error"
2026-04-19 15:04:11,987 [INFO] httpx: HTTP Request: GET http://testserver/api/auth/me "HTTP/1.1 200 OK"
2026-04-19 15:04:12,506 [INFO] httpx: HTTP Request: GET http://testserver/api/jobs "HTTP/1.1 200 OK"
2026-04-19 15:04:12,512 [INFO] httpx: HTTP Request: POST http://testserver/api/upload "HTTP/1.1 401 Unauthorized"
2026-04-19 15:04:12,860 [INFO] httpx: HTTP Request: POST http://testserver/api/auth/login "HTTP/1.1 200 OK"
2026-04-19 15:04:12,866 [INFO] httpx: HTTP Request: GET http://testserver/api/auth/me "HTTP/1.1 401 Unauthorized"
2026-04-19 15:04:13,250 [INFO] httpx: HTTP Request: POST http://testserver/api/auth/login "HTTP/1.1 401 Unauthorized"
2026-04-19 15:04:13,439 [INFO] httpx: HTTP Request: POST http://testserver/api/auth/login "HTTP/1.1 401 Unauthorized"
2026-04-19 15:04:13,616 [INFO] httpx: HTTP Request: POST http://testserver/api/auth/login "HTTP/1.1 401 Unauthorized"
2026-04-19 15:04:13,801 [INFO] httpx: HTTP Request: POST http://testserver/api/auth/login "HTTP/1.1 401 Unauthorized"
2026-04-19 15:04:13,976 [INFO] httpx: HTTP Request: POST http://testserver/api/auth/login "HTTP/1.1 401 Unauthorized"
2026-04-19 15:04:14,157 [INFO] httpx: HTTP Request: POST http://testserver/api/auth/login "HTTP/1.1 200 OK"
2026-04-19 15:04:14,337 [INFO] httpx: HTTP Request: POST http://testserver/api/upload "HTTP/1.1 201 Created"
2026-04-19 15:04:14,513 [INFO] httpx: HTTP Request: POST http://testserver/api/upload "HTTP/1.1 400 Bad Request"
2026-04-19 15:04:14,688 [INFO] httpx: HTTP Request: POST http://testserver/api/upload "HTTP/1.1 201 Created"
2026-04-19 15:04:14,866 [INFO] httpx: HTTP Request: GET http://testserver/api/job/01db7644-ecd2-4ab2-a32d-f31fbf351f3f "HTTP/1.1 200 OK"
2026-04-19 15:04:15,043 [INFO] httpx: HTTP Request: GET http://testserver/api/job/8dd7e9bd-d524-43ed-b224-9c027a038070 "HTTP/1.1 200 OK"
2026-04-19 15:04:15,567 [INFO] httpx: HTTP Request: GET http://testserver/api/job/89d72d0c-31a2-422d-8bc7-a8611aa6adea "HTTP/1.1 200 OK"
2026-04-19 15:04:16,278 [INFO] httpx: HTTP Request: GET http://testserver/api/admin/logs "HTTP/1.1 200 OK"
2026-04-19 15:04:16,457 [INFO] httpx: HTTP Request: GET http://testserver/api/admin/logs "HTTP/1.1 200 OK"
2026-04-19 15:04:17,684 [INFO] httpx: HTTP Request: GET http://testserver/api/jobs "HTTP/1.1 200 OK"
2026-04-19 15:04:17,690 [INFO] httpx: HTTP Request: POST http://testserver/api/upload "HTTP/1.1 401 Unauthorized"
2026-04-19 15:04:17,799 [INFO] httpx: HTTP Request: POST http://testserver/api/upload "HTTP/1.1 401 Unauthorized"
2026-04-19 15:04:17,805 [INFO] httpx: HTTP Request: GET http://testserver/api/job/00000000-0000-0000-0000-000000000000 "HTTP/1.1 401 Unauthorized"
2026-04-19 15:04:27,446 [INFO] httpx: HTTP Request: GET http://testserver/api/auth/me "HTTP/1.1 200 OK"
2026-04-19 15:04:27,958 [INFO] httpx: HTTP Request: GET http://testserver/api/jobs "HTTP/1.1 200 OK"
2026-04-19 15:04:27,963 [INFO] httpx: HTTP Request: POST http://testserver/api/upload "HTTP/1.1 401 Unauthorized"
2026-04-19 15:04:28,317 [INFO] httpx: HTTP Request: POST http://testserver/api/auth/login "HTTP/1.1 200 OK"
2026-04-19 15:04:28,322 [INFO] httpx: HTTP Request: GET http://testserver/api/auth/me "HTTP/1.1 401 Unauthorized"
2026-04-19 15:04:28,667 [INFO] httpx: HTTP Request: POST http://testserver/api/auth/login "HTTP/1.1 401 Unauthorized"
2026-04-19 15:04:28,843 [INFO] httpx: HTTP Request: POST http://testserver/api/auth/login "HTTP/1.1 401 Unauthorized"
2026-04-19 15:04:29,013 [INFO] httpx: HTTP Request: POST http://testserver/api/auth/login "HTTP/1.1 401 Unauthorized"
2026-04-19 15:04:29,190 [INFO] httpx: HTTP Request: POST http://testserver/api/auth/login "HTTP/1.1 401 Unauthorized"
2026-04-19 15:04:29,363 [INFO] httpx: HTTP Request: POST http://testserver/api/auth/login "HTTP/1.1 401 Unauthorized"
2026-04-19 15:04:29,559 [INFO] httpx: HTTP Request: POST http://testserver/api/auth/login "HTTP/1.1 200 OK"
2026-04-19 15:04:29,735 [INFO] httpx: HTTP Request: POST http://testserver/api/upload "HTTP/1.1 201 Created"
2026-04-19 15:04:29,908 [INFO] httpx: HTTP Request: POST http://testserver/api/upload "HTTP/1.1 400 Bad Request"
2026-04-19 15:04:30,083 [INFO] httpx: HTTP Request: POST http://testserver/api/upload "HTTP/1.1 201 Created"
2026-04-19 15:04:30,258 [INFO] httpx: HTTP Request: GET http://testserver/api/job/2957bda3-ad36-4d61-8cdf-77e2f4cc242d "HTTP/1.1 200 OK"
2026-04-19 15:04:30,431 [INFO] httpx: HTTP Request: GET http://testserver/api/job/170549f6-b0f1-4aad-b119-5306ad866441 "HTTP/1.1 200 OK"
2026-04-19 15:04:30,946 [INFO] httpx: HTTP Request: GET http://testserver/api/job/305a25fe-ed73-4774-a487-680e046063b3 "HTTP/1.1 200 OK"
2026-04-19 15:04:31,638 [INFO] httpx: HTTP Request: GET http://testserver/api/admin/logs "HTTP/1.1 200 OK"
2026-04-19 15:04:31,814 [INFO] httpx: HTTP Request: GET http://testserver/api/admin/logs "HTTP/1.1 200 OK"
2026-04-19 15:04:33,018 [INFO] httpx: HTTP Request: GET http://testserver/api/jobs "HTTP/1.1 200 OK"
2026-04-19 15:04:33,023 [INFO] httpx: HTTP Request: POST http://testserver/api/upload "HTTP/1.1 401 Unauthorized"
2026-04-19 15:04:33,124 [INFO] httpx: HTTP Request: POST http://testserver/api/upload "HTTP/1.1 401 Unauthorized"
2026-04-19 15:04:33,129 [INFO] httpx: HTTP Request: GET http://testserver/api/job/00000000-0000-0000-0000-000000000000 "HTTP/1.1 401 Unauthorized"
2026-04-19 15:05:54,497 [INFO] httpx: HTTP Request: GET http://testserver/api/auth/me "HTTP/1.1 200 OK"
2026-04-19 15:05:55,012 [INFO] httpx: HTTP Request: GET http://testserver/api/jobs "HTTP/1.1 200 OK"
2026-04-19 15:05:55,016 [INFO] httpx: HTTP Request: POST http://testserver/api/upload "HTTP/1.1 401 Unauthorized"
2026-04-19 15:05:55,383 [INFO] httpx: HTTP Request: POST http://testserver/api/auth/login "HTTP/1.1 200 OK"
2026-04-19 15:05:55,388 [INFO] httpx: HTTP Request: GET http://testserver/api/auth/me "HTTP/1.1 401 Unauthorized"
2026-04-19 15:05:55,560 [INFO] httpx: HTTP Request: GET http://testserver/api/auth/me "HTTP/1.1 200 OK"
2026-04-19 15:05:55,737 [INFO] httpx: HTTP Request: POST http://testserver/api/upload "HTTP/1.1 201 Created"
2026-04-19 15:05:55,911 [INFO] httpx: HTTP Request: POST http://testserver/api/upload "HTTP/1.1 400 Bad Request"
2026-04-19 15:05:56,086 [INFO] httpx: HTTP Request: POST http://testserver/api/upload "HTTP/1.1 201 Created"
2026-04-19 15:05:56,289 [INFO] httpx: HTTP Request: GET http://testserver/api/job/6ce4a14a-829b-43e1-be55-b908e2c79eaa "HTTP/1.1 200 OK"
2026-04-19 15:05:56,466 [INFO] httpx: HTTP Request: GET http://testserver/api/job/ca9904d7-631b-4a83-869f-7edc993b5859 "HTTP/1.1 200 OK"
2026-04-19 15:05:56,989 [INFO] httpx: HTTP Request: GET http://testserver/api/job/76a86b62-327e-4c48-b018-aa12fb187b94 "HTTP/1.1 200 OK"
2026-04-19 15:05:57,690 [INFO] httpx: HTTP Request: GET http://testserver/api/admin/logs "HTTP/1.1 200 OK"
2026-04-19 15:05:57,869 [INFO] httpx: HTTP Request: GET http://testserver/api/admin/logs "HTTP/1.1 200 OK"
2026-04-19 15:05:59,112 [INFO] httpx: HTTP Request: GET http://testserver/api/jobs "HTTP/1.1 200 OK"
2026-04-19 15:05:59,118 [INFO] httpx: HTTP Request: POST http://testserver/api/upload "HTTP/1.1 401 Unauthorized"
2026-04-19 15:05:59,254 [INFO] httpx: HTTP Request: POST http://testserver/api/upload "HTTP/1.1 401 Unauthorized"
2026-04-19 15:05:59,260 [INFO] httpx: HTTP Request: GET http://testserver/api/job/00000000-0000-0000-0000-000000000000 "HTTP/1.1 401 Unauthorized"
2026-04-19 15:06:17,078 [INFO] httpx: HTTP Request: GET http://testserver/api/auth/me "HTTP/1.1 200 OK"
2026-04-19 15:06:17,749 [INFO] httpx: HTTP Request: GET http://testserver/api/jobs "HTTP/1.1 200 OK"
2026-04-19 15:06:17,755 [INFO] httpx: HTTP Request: POST http://testserver/api/upload "HTTP/1.1 401 Unauthorized"
2026-04-19 15:06:18,133 [INFO] httpx: HTTP Request: POST http://testserver/api/auth/login "HTTP/1.1 200 OK"
2026-04-19 15:06:18,138 [INFO] httpx: HTTP Request: GET http://testserver/api/auth/me "HTTP/1.1 401 Unauthorized"
2026-04-19 15:06:18,309 [INFO] httpx: HTTP Request: GET http://testserver/api/auth/me "HTTP/1.1 200 OK"
2026-04-19 15:06:18,482 [INFO] httpx: HTTP Request: POST http://testserver/api/upload "HTTP/1.1 201 Created"
2026-04-19 15:06:18,655 [INFO] httpx: HTTP Request: POST http://testserver/api/upload "HTTP/1.1 400 Bad Request"
2026-04-19 15:06:18,829 [INFO] httpx: HTTP Request: POST http://testserver/api/upload "HTTP/1.1 201 Created"
2026-04-19 15:06:19,003 [INFO] httpx: HTTP Request: GET http://testserver/api/job/6b5c681e-c955-4503-a409-62e4cc22f1f2 "HTTP/1.1 200 OK"
2026-04-19 15:06:19,174 [INFO] httpx: HTTP Request: GET http://testserver/api/job/d6f00c85-d03f-477d-842b-55963fcf3a85 "HTTP/1.1 200 OK"
2026-04-19 15:06:19,688 [INFO] httpx: HTTP Request: GET http://testserver/api/job/d184c6fe-8e09-426f-a695-cf2835e00d6a "HTTP/1.1 200 OK"
2026-04-19 15:06:20,375 [INFO] httpx: HTTP Request: GET http://testserver/api/admin/logs "HTTP/1.1 200 OK"
2026-04-19 15:06:20,550 [INFO] httpx: HTTP Request: GET http://testserver/api/admin/logs "HTTP/1.1 200 OK"
2026-04-19 15:06:21,737 [INFO] httpx: HTTP Request: GET http://testserver/api/jobs "HTTP/1.1 200 OK"
2026-04-19 15:06:21,742 [INFO] httpx: HTTP Request: POST http://testserver/api/upload "HTTP/1.1 401 Unauthorized"
2026-04-19 15:06:21,843 [INFO] httpx: HTTP Request: POST http://testserver/api/upload "HTTP/1.1 401 Unauthorized"
2026-04-19 15:06:21,848 [INFO] httpx: HTTP Request: GET http://testserver/api/job/00000000-0000-0000-0000-000000000000 "HTTP/1.1 401 Unauthorized"
2026-04-19 15:08:04,266 [INFO] httpx: HTTP Request: GET http://testserver/api/auth/me "HTTP/1.1 200 OK"
2026-04-19 15:08:04,785 [INFO] httpx: HTTP Request: GET http://testserver/api/jobs "HTTP/1.1 200 OK"
2026-04-19 15:08:04,791 [INFO] httpx: HTTP Request: POST http://testserver/api/upload "HTTP/1.1 401 Unauthorized"
2026-04-19 15:08:05,149 [INFO] httpx: HTTP Request: POST http://testserver/api/auth/login "HTTP/1.1 200 OK"
2026-04-19 15:08:05,154 [INFO] httpx: HTTP Request: GET http://testserver/api/auth/me "HTTP/1.1 401 Unauthorized"
2026-04-19 15:08:05,326 [INFO] httpx: HTTP Request: GET http://testserver/api/auth/me "HTTP/1.1 200 OK"
2026-04-19 15:08:05,504 [INFO] httpx: HTTP Request: POST http://testserver/api/upload "HTTP/1.1 201 Created"
2026-04-19 15:08:05,680 [INFO] httpx: HTTP Request: POST http://testserver/api/upload "HTTP/1.1 400 Bad Request"
2026-04-19 15:08:05,856 [INFO] httpx: HTTP Request: POST http://testserver/api/upload "HTTP/1.1 201 Created"
2026-04-19 15:08:06,033 [INFO] httpx: HTTP Request: GET http://testserver/api/job/aa6a869f-6f7f-4ec4-930a-a99fd893f7b5 "HTTP/1.1 200 OK"
2026-04-19 15:08:06,210 [INFO] httpx: HTTP Request: GET http://testserver/api/job/49b62934-12c0-4adf-97cd-bc981f3281dd "HTTP/1.1 200 OK"
2026-04-19 15:08:06,733 [INFO] httpx: HTTP Request: GET http://testserver/api/job/409111f7-9d73-49ff-898e-f977d4e74d6a "HTTP/1.1 200 OK"
2026-04-19 15:08:07,437 [INFO] httpx: HTTP Request: GET http://testserver/api/admin/logs "HTTP/1.1 200 OK"
2026-04-19 15:08:07,615 [INFO] httpx: HTTP Request: GET http://testserver/api/admin/logs "HTTP/1.1 200 OK"
2026-04-19 15:08:08,824 [INFO] httpx: HTTP Request: GET http://testserver/api/jobs "HTTP/1.1 200 OK"
2026-04-19 15:08:08,829 [INFO] httpx: HTTP Request: POST http://testserver/api/upload "HTTP/1.1 401 Unauthorized"
2026-04-19 15:08:08,930 [INFO] httpx: HTTP Request: POST http://testserver/api/upload "HTTP/1.1 401 Unauthorized"
2026-04-19 15:08:08,934 [INFO] httpx: HTTP Request: GET http://testserver/api/job/00000000-0000-0000-0000-000000000000 "HTTP/1.1 401 Unauthorized"
2026-04-21 19:28:55,527 [INFO] httpx: HTTP Request: PUT http://testserver/api/admin/jobs/f5581f9a-96e6-4168-9155-aacb0e032208/label "HTTP/1.1 403 Forbidden"
2026-04-21 19:29:22,100 [INFO] httpx: HTTP Request: PUT http://testserver/api/admin/jobs/6ccd34d7-6c9e-4bbf-81c1-2f9591a9a3bf/label "HTTP/1.1 200 OK"
2026-04-21 19:29:22,451 [INFO] httpx: HTTP Request: PUT http://testserver/api/admin/jobs/e34063cb-e97e-4d0d-b07b-763cdd4433e7/label "HTTP/1.1 200 OK"
2026-04-21 19:29:22,798 [INFO] httpx: HTTP Request: PUT http://testserver/api/admin/jobs/3cc202c8-5a7d-49ef-a109-9f31b5eb0b69/label "HTTP/1.1 200 OK"
2026-04-21 19:29:22,989 [INFO] httpx: HTTP Request: PUT http://testserver/api/admin/jobs/62d20272-b0f4-4554-9427-8d9f3b175abd/label "HTTP/1.1 403 Forbidden"
2026-04-21 19:29:23,395 [INFO] httpx: HTTP Request: PUT http://testserver/api/admin/jobs/8cdc6e93-2a94-4212-8d5e-cb5d22ff34d8/label "HTTP/1.1 200 OK"
2026-04-21 19:29:23,400 [INFO] httpx: HTTP Request: PUT http://testserver/api/admin/jobs/8cdc6e93-2a94-4212-8d5e-cb5d22ff34d8/label "HTTP/1.1 200 OK"
2026-04-21 19:29:23,405 [INFO] httpx: HTTP Request: PUT http://testserver/api/admin/jobs/8cdc6e93-2a94-4212-8d5e-cb5d22ff34d8/label "HTTP/1.1 200 OK"
2026-04-21 19:29:28,228 [INFO] httpx: HTTP Request: GET http://testserver/api/auth/me "HTTP/1.1 200 OK"
2026-04-21 19:29:28,612 [INFO] httpx: HTTP Request: PUT http://testserver/api/admin/jobs/040f8d4d-7669-4cd4-b4cd-617efc540ff2/label "HTTP/1.1 200 OK"
2026-04-21 19:29:28,957 [INFO] httpx: HTTP Request: PUT http://testserver/api/admin/jobs/4c969039-a3d3-40a1-b075-bf81cc7fd37b/label "HTTP/1.1 200 OK"
2026-04-21 19:29:29,342 [INFO] httpx: HTTP Request: PUT http://testserver/api/admin/jobs/22abc5a9-0452-468b-beb7-8cc1340ed539/label "HTTP/1.1 200 OK"
2026-04-21 19:29:29,515 [INFO] httpx: HTTP Request: PUT http://testserver/api/admin/jobs/03c06ca7-4e49-4afb-a4cf-8892def891c5/label "HTTP/1.1 403 Forbidden"
2026-04-21 19:29:29,857 [INFO] httpx: HTTP Request: PUT http://testserver/api/admin/jobs/b3cc5327-8956-48d7-a44d-2ab41d2b4360/label "HTTP/1.1 200 OK"
2026-04-21 19:29:29,860 [INFO] httpx: HTTP Request: PUT http://testserver/api/admin/jobs/b3cc5327-8956-48d7-a44d-2ab41d2b4360/label "HTTP/1.1 200 OK"
2026-04-21 19:29:29,864 [INFO] httpx: HTTP Request: PUT http://testserver/api/admin/jobs/b3cc5327-8956-48d7-a44d-2ab41d2b4360/label "HTTP/1.1 200 OK"
2026-04-21 19:29:30,392 [INFO] httpx: HTTP Request: GET http://testserver/api/jobs "HTTP/1.1 200 OK"
2026-04-21 19:29:30,397 [INFO] httpx: HTTP Request: POST http://testserver/api/upload "HTTP/1.1 401 Unauthorized"
2026-04-21 19:29:30,745 [INFO] httpx: HTTP Request: POST http://testserver/api/auth/login "HTTP/1.1 200 OK"
2026-04-21 19:29:30,750 [INFO] httpx: HTTP Request: GET http://testserver/api/auth/me "HTTP/1.1 401 Unauthorized"
2026-04-21 19:29:30,924 [INFO] httpx: HTTP Request: GET http://testserver/api/auth/me "HTTP/1.1 200 OK"
2026-04-21 19:29:31,100 [INFO] httpx: HTTP Request: POST http://testserver/api/upload "HTTP/1.1 201 Created"
2026-04-21 19:29:31,279 [INFO] httpx: HTTP Request: POST http://testserver/api/upload "HTTP/1.1 400 Bad Request"
2026-04-21 19:29:31,455 [INFO] httpx: HTTP Request: POST http://testserver/api/upload "HTTP/1.1 201 Created"
2026-04-21 19:29:31,640 [INFO] httpx: HTTP Request: GET http://testserver/api/job/553b8b48-fff4-4922-b855-a05b227ca073 "HTTP/1.1 200 OK"
2026-04-21 19:29:31,852 [INFO] httpx: HTTP Request: GET http://testserver/api/job/c48a256a-5406-4029-96a7-e9b7b9620e9a "HTTP/1.1 200 OK"
2026-04-21 19:29:32,376 [INFO] httpx: HTTP Request: GET http://testserver/api/job/989890ff-5d08-4aaf-8f5c-f98c32d168e1 "HTTP/1.1 200 OK"
2026-04-21 19:29:33,120 [INFO] httpx: HTTP Request: GET http://testserver/api/admin/logs "HTTP/1.1 200 OK"
2026-04-21 19:29:33,306 [INFO] httpx: HTTP Request: GET http://testserver/api/admin/logs "HTTP/1.1 200 OK"
2026-04-21 19:29:34,532 [INFO] httpx: HTTP Request: GET http://testserver/api/jobs "HTTP/1.1 200 OK"
2026-04-21 19:29:34,538 [INFO] httpx: HTTP Request: POST http://testserver/api/upload "HTTP/1.1 401 Unauthorized"
2026-04-21 19:29:34,648 [INFO] httpx: HTTP Request: POST http://testserver/api/upload "HTTP/1.1 401 Unauthorized"
2026-04-21 19:29:34,656 [INFO] httpx: HTTP Request: GET http://testserver/api/job/00000000-0000-0000-0000-000000000000 "HTTP/1.1 401 Unauthorized"
